\BOOKMARK [0][-]{chapter.1}{\376\377\000G\000I\036\332\000I\000\040\000T\000H\000I\036\306\000U}{}% 1
\BOOKMARK [1][-]{section.1.1}{\376\377\000B\036\321\000i\000\040\000c\036\243\000n\000h}{chapter.1}% 2
\BOOKMARK [1][-]{section.1.2}{\376\377\000B\000\340\000i\000\040\000t\000o\000\341\000n\000\040\000n\000g\000h\000i\000\352\000n\000\040\000c\036\351\000u}{chapter.1}% 3
\BOOKMARK [1][-]{section.1.3}{\376\377\000M\036\345\000c\000\040\000t\000i\000\352\000u}{chapter.1}% 4
\BOOKMARK [1][-]{section.1.4}{\376\377\001\020\000\363\000n\000g\000\040\000g\000\363\000p}{chapter.1}% 5
\BOOKMARK [1][-]{section.1.5}{\376\377\000C\036\245\000u\000\040\000t\000r\000\372\000c\000\040\000b\000\341\000o\000\040\000c\000\341\000o}{chapter.1}% 6
\BOOKMARK [0][-]{chapter.2}{\376\377\000T\036\324\000N\000G\000\040\000Q\000U\000A\000N\000\040\000V\000\300\000\040\000C\000\324\000N\000G\000\040\000T\000R\000\314\000N\000H\000\040\000L\000I\000\312\000N\000\040\000Q\000U\000A\000N}{}% 7
\BOOKMARK [1][-]{section.2.1}{\376\377\000R\000A\000G\000\040\000o\000v\000e\000r\000v\000i\000e\000w}{chapter.2}% 8
\BOOKMARK [1][-]{section.2.2}{\376\377\000R\000e\000t\000r\000i\000e\000v\000a\000l}{chapter.2}% 9
\BOOKMARK [2][-]{subsection.2.2.1}{\376\377\000B\000M\0002\0005}{section.2.2}% 10
\BOOKMARK [2][-]{subsection.2.2.2}{\376\377\000D\000e\000n\000s\000e\000\040\000R\000e\000t\000r\000i\000e\000v\000a\000l}{section.2.2}% 11
\BOOKMARK [2][-]{subsection.2.2.3}{\376\377\000H\000y\000b\000r\000i\000d}{section.2.2}% 12
\BOOKMARK [1][-]{section.2.3}{\376\377\000R\000e\000r\000a\000n\000k\000i\000n\000g}{chapter.2}% 13
\BOOKMARK [2][-]{subsection.2.3.1}{\376\377\000C\000r\000o\000s\000s\000\040\000e\000n\000c\000o\000d\000e\000r}{section.2.3}% 14
\BOOKMARK [2][-]{subsection.2.3.2}{\376\377\000D\000i\000s\000t\000i\000l\000l\000a\000t\000i\000o\000n}{section.2.3}% 15
\BOOKMARK [1][-]{section.2.4}{\376\377\000E\000m\000b\000e\000d\000d\000i\000n\000g\000\040\000o\000p\000t\000i\000m\000i\000z\000a\000t\000i\000o\000n}{chapter.2}% 16
\BOOKMARK [2][-]{subsection.2.4.1}{\376\377\000M\000R\000L}{section.2.4}% 17
\BOOKMARK [2][-]{subsection.2.4.2}{\376\377\000C\000u\000r\000r\000i\000c\000u\000l\000u\000m}{section.2.4}% 18
\BOOKMARK [1][-]{section.2.5}{\376\377\000Q\000u\000e\000r\000y\000\040\000r\000o\000u\000t\000i\000n\000g\000\040\000/\000\040\000i\000n\000t\000e\000n\000t\000\040\000c\000l\000a\000s\000s\000i\000f\000i\000c\000a\000t\000i\000o\000n}{chapter.2}% 19
\BOOKMARK [1][-]{section.2.6}{\376\377\000R\000e\000s\000e\000a\000r\000c\000h\000\040\000G\000a\000p}{chapter.2}% 20
\BOOKMARK [0][-]{chapter.3}{\376\377\000H\036\306\000\040\000T\000H\036\320\000N\000G\000\040\000R\000A\000G\000\040\001\020\036\300\000\040\000X\000U\036\244\000T}{}% 21
\BOOKMARK [1][-]{section.3.1}{\376\377\000O\000v\000e\000r\000a\000l\000l\000\040\000A\000r\000c\000h\000i\000t\000e\000c\000t\000u\000r\000e}{chapter.3}% 22
\BOOKMARK [1][-]{section.3.2}{\376\377\000D\000o\000c\000u\000m\000e\000n\000t\000\040\000P\000r\000o\000c\000e\000s\000s\000i\000n\000g}{chapter.3}% 23
\BOOKMARK [1][-]{section.3.3}{\376\377\000H\000y\000b\000r\000i\000d\000\040\000R\000e\000t\000r\000i\000e\000v\000a\000l}{chapter.3}% 24
\BOOKMARK [1][-]{section.3.4}{\376\377\000R\000o\000u\000t\000i\000n\000g\000\040\000m\000e\000c\000h\000a\000n\000i\000s\000m}{chapter.3}% 25
\BOOKMARK [1][-]{section.3.5}{\376\377\000F\000i\000n\000a\000l\000\040\000i\000n\000f\000e\000r\000e\000n\000c\000e\000\040\000p\000i\000p\000e\000l\000i\000n\000e}{chapter.3}% 26
\BOOKMARK [0][-]{chapter.4}{\376\377\000C\000\301\000C\000\040\000P\000H\001\257\001\240\000N\000G\000\040\000P\000H\000\301\000P\000\040\000T\036\320\000I\000\040\001\257\000U\000\040\001\020\036\300\000\040\000X\000U\036\244\000T}{}% 27
\BOOKMARK [1][-]{section.4.1}{\376\377\000L\000i\000g\000h\000t\000w\000e\000i\000g\000h\000t\000\040\000R\000e\000r\000a\000n\000k\000e\000r}{chapter.4}% 28
\BOOKMARK [2][-]{subsection.4.1.1}{\376\377\000M\000o\000t\000i\000v\000a\000t\000i\000o\000n}{section.4.1}% 29
\BOOKMARK [2][-]{subsection.4.1.2}{\376\377\000D\000a\000t\000a\000\040\000p\000i\000p\000e\000l\000i\000n\000e}{section.4.1}% 30
\BOOKMARK [2][-]{subsection.4.1.3}{\376\377\000D\000i\000s\000t\000i\000l\000l\000a\000t\000i\000o\000n}{section.4.1}% 31
\BOOKMARK [1][-]{section.4.2}{\376\377\000R\000e\000r\000a\000n\000k\000e\000r\000\040\000t\000r\000a\000i\000n\000i\000n\000g}{chapter.4}% 32
\BOOKMARK [2][-]{subsection.4.2.1}{\376\377\000S\000t\000a\000g\000e\000\040\000A}{section.4.2}% 33
\BOOKMARK [2][-]{subsection.4.2.2}{\376\377\000S\000t\000a\000g\000e\000\040\000B}{section.4.2}% 34
\BOOKMARK [2][-]{subsection.4.2.3}{\376\377\000L\000o\000s\000s\000e\000s}{section.4.2}% 35
\BOOKMARK [1][-]{section.4.3}{\376\377\000E\000m\000b\000e\000d\000d\000i\000n\000g\000\040\000o\000p\000t\000i\000m\000i\000z\000a\000t\000i\000o\000n}{chapter.4}% 36
\BOOKMARK [2][-]{subsection.4.3.1}{\376\377\000M\000R\000L}{section.4.3}% 37
\BOOKMARK [2][-]{subsection.4.3.2}{\376\377\000C\000u\000r\000r\000i\000c\000u\000l\000u\000m\000\040\000t\000r\000a\000i\000n\000i\000n\000g}{section.4.3}% 38
\BOOKMARK [1][-]{section.4.4}{\376\377\000I\000n\000t\000e\000n\000t\000\040\000C\000l\000a\000s\000s\000i\000f\000i\000c\000a\000t\000i\000o\000n}{chapter.4}% 39
\BOOKMARK [2][-]{subsection.4.4.1}{\376\377\000P\000h\000o\000B\000E\000R\000T\000\040\000a\000r\000c\000h\000i\000t\000e\000c\000t\000u\000r\000e}{section.4.4}% 40
\BOOKMARK [2][-]{subsection.4.4.2}{\376\377\000T\000r\000a\000i\000n\000i\000n\000g}{section.4.4}% 41
\BOOKMARK [2][-]{subsection.4.4.3}{\376\377\000R\000o\000u\000t\000i\000n\000g\000\040\000l\000o\000g\000i\000c}{section.4.4}% 42
\BOOKMARK [0][-]{chapter.5}{\376\377\000T\000H\036\360\000C\000\040\000N\000G\000H\000I\036\306\000M\000\040\000V\000\300\000\040\001\020\000\301\000N\000H\000\040\000G\000I\000\301}{}% 43
\BOOKMARK [1][-]{section.5.1}{\376\377\000E\000x\000p\000e\000r\000i\000m\000e\000n\000t\000a\000l\000\040\000S\000e\000t\000u\000p}{chapter.5}% 44
\BOOKMARK [1][-]{section.5.2}{\376\377\000D\000a\000t\000a\000s\000e\000t}{chapter.5}% 45
\BOOKMARK [1][-]{section.5.3}{\376\377\000M\000e\000t\000r\000i\000c\000s}{chapter.5}% 46
\BOOKMARK [1][-]{section.5.4}{\376\377\000R\000A\000G\000\040\000P\000i\000p\000e\000l\000i\000n\000e\000\040\000C\000o\000m\000p\000a\000r\000i\000s\000o\000n}{chapter.5}% 47
\BOOKMARK [1][-]{section.5.5}{\376\377\000R\000e\000r\000a\000n\000k\000e\000r\000\040\000E\000x\000p\000e\000r\000i\000m\000e\000n\000t\000s}{chapter.5}% 48
\BOOKMARK [1][-]{section.5.6}{\376\377\000E\000m\000b\000e\000d\000d\000i\000n\000g\000\040\000E\000x\000p\000e\000r\000i\000m\000e\000n\000t\000s}{chapter.5}% 49
\BOOKMARK [1][-]{section.5.7}{\376\377\000A\000b\000l\000a\000t\000i\000o\000n\000\040\000S\000t\000u\000d\000i\000e\000s}{chapter.5}% 50
\BOOKMARK [1][-]{section.5.8}{\376\377\000E\000r\000r\000o\000r\000\040\000A\000n\000a\000l\000y\000s\000i\000s}{chapter.5}% 51
\BOOKMARK [0][-]{chapter.6}{\376\377\000K\036\276\000T\000\040\000L\000U\036\254\000N}{}% 52
\BOOKMARK [1][-]{section.6.1}{\376\377\000C\000o\000n\000t\000r\000i\000b\000u\000t\000i\000o\000n\000s}{chapter.6}% 53
\BOOKMARK [1][-]{section.6.2}{\376\377\000L\000i\000m\000i\000t\000a\000t\000i\000o\000n\000s}{chapter.6}% 54
\BOOKMARK [1][-]{section.6.3}{\376\377\000F\000u\000t\000u\000r\000e\000\040\000W\000o\000r\000k\000s}{chapter.6}% 55
\BOOKMARK [0][-]{section*.10}{\376\377\000T\000\300\000I\000\040\000L\000I\036\306\000U\000\040\000T\000H\000A\000M\000\040\000K\000H\036\242\000O}{}% 56
\BOOKMARK [0][-]{section*.11}{\376\377\000P\000H\036\344\000\040\000L\036\344\000C}{}% 57
\BOOKMARK [0][-]{chapter.1.A}{\376\377\000H\001\257\036\332\000N\000G\000\040\000D\036\252\000N\000\040\000V\000I\036\276\000T\000\040\001\020\036\322\000\040\000\301\000N\000\040\000T\036\320\000T\000\040\000N\000G\000H\000I\036\306\000P}{}% 58
\BOOKMARK [1][-]{section.1.A.1}{\376\377\000N\000g\000\340\000n\000h\000\040\000h\036\315\000c}{chapter.1.A}% 59
\BOOKMARK [1][-]{section.1.A.2}{\376\377\001\020\000\341\000n\000h\000\040\000d\036\245\000u\000\040\000\050\000b\000u\000l\000l\000e\000t\000\051\000\040\000v\000\340\000\040\001\021\000\341\000n\000h\000\040\000s\036\321\000\040\000\050\000n\000u\000m\000e\000r\000i\000n\000g\000\051}{chapter.1.A}% 60
\BOOKMARK [1][-]{section.1.A.3}{\376\377\000C\000\341\000c\000h\000\040\000t\000h\000\352\000m\000\040\000b\036\243\000n\000g}{chapter.1.A}% 61
\BOOKMARK [1][-]{section.1.A.4}{\376\377\000C\000h\000\350\000n\000\040\000h\000\354\000n\000h\000\040\036\243\000n\000h}{chapter.1.A}% 62
\BOOKMARK [1][-]{section.1.A.5}{\376\377\000T\000\340\000i\000\040\000l\000i\036\307\000u\000\040\000t\000h\000a\000m\000\040\000k\000h\036\243\000o}{chapter.1.A}% 63
\BOOKMARK [1][-]{section.1.A.6}{\376\377\000C\000\341\000c\000h\000\040\000v\000i\036\277\000t\000\040\000p\000h\001\260\001\241\000n\000g\000\040\000t\000r\000\354\000n\000h\000\040\000v\000\340\000\040\000c\000\364\000n\000g\000\040\000t\000h\036\351\000c\000\040\000t\000o\000\341\000n\000\040\000h\036\315\000c}{chapter.1.A}% 64
\BOOKMARK [1][-]{section.1.A.7}{\376\377\000Q\000u\000i\000\040\000c\000\341\000c\000h\000\040\001\021\000\363\000n\000g\000\040\000q\000u\000y\036\303\000n}{chapter.1.A}% 65
\BOOKMARK [0][-]{chapter.1.B}{\376\377\001\020\036\266\000C\000\040\000T\036\242\000\040\000U\000S\000E\000\040\000C\000A\000S\000E}{}% 66
\BOOKMARK [1][-]{section.1.B.1}{\376\377\001\020\036\267\000c\000\040\000t\036\243\000\040\000u\000s\000e\000\040\000c\000a\000s\000e\000\040\000`\000`\000T\000h\036\321\000n\000g\000\040\000k\000\352\000\040\000t\000\354\000n\000h\000\040\000h\000\354\000n\000h\000\040\000m\001\260\036\343\000n\000\040\000s\000\341\000c\000h\000'\000'}{chapter.1.B}% 67
\BOOKMARK [1][-]{section.1.B.2}{\376\377\001\020\036\267\000c\000\040\000t\036\243\000\040\000u\000s\000e\000\040\000c\000a\000s\000e\000\040\000`\000`\001\020\001\003\000n\000g\000\040\000k\000\375\000\040\000l\000\340\000m\000\040\000t\000h\036\273\000\040\000m\001\260\036\343\000n\000'\000'}{chapter.1.B}% 68
